------------------------------------------------------------
Timing Analyzer Summary
------------------------------------------------------------

Type  : Slow 1100mV 85C Model Setup 'clk'
Slack : -0.801
TNS   : -2.525

Type  : Slow 1100mV 85C Model Hold 'clk'
Slack : 0.241
TNS   : 0.000

Type  : Slow 1100mV 85C Model Minimum Pulse Width 'clk'
Slack : -0.394
TNS   : -5.250

Type  : Slow 1100mV 0C Model Setup 'clk'
Slack : -0.834
TNS   : -2.521

Type  : Slow 1100mV 0C Model Hold 'clk'
Slack : 0.219
TNS   : 0.000

Type  : Slow 1100mV 0C Model Minimum Pulse Width 'clk'
Slack : -0.394
TNS   : -5.696

Type  : Fast 1100mV 85C Model Setup 'clk'
Slack : -0.015
TNS   : -0.015

Type  : Fast 1100mV 85C Model Hold 'clk'
Slack : 0.148
TNS   : 0.000

Type  : Fast 1100mV 85C Model Minimum Pulse Width 'clk'
Slack : -0.077
TNS   : -0.766

Type  : Fast 1100mV 0C Model Setup 'clk'
Slack : 0.039
TNS   : 0.000

Type  : Fast 1100mV 0C Model Hold 'clk'
Slack : 0.135
TNS   : 0.000

Type  : Fast 1100mV 0C Model Minimum Pulse Width 'clk'
Slack : -0.078
TNS   : -0.772

------------------------------------------------------------
