------------------------------------------------------------
Timing Analyzer Summary
------------------------------------------------------------

Type  : Slow 1100mV 85C Model Setup 'clk'
Slack : -0.193
TNS   : -0.375

Type  : Slow 1100mV 85C Model Hold 'clk'
Slack : 0.224
TNS   : 0.000

Type  : Slow 1100mV 85C Model Minimum Pulse Width 'clk'
Slack : -0.394
TNS   : -4.191

Type  : Slow 1100mV 0C Model Setup 'clk'
Slack : -0.232
TNS   : -0.428

Type  : Slow 1100mV 0C Model Hold 'clk'
Slack : 0.207
TNS   : 0.000

Type  : Slow 1100mV 0C Model Minimum Pulse Width 'clk'
Slack : -0.394
TNS   : -4.566

Type  : Fast 1100mV 85C Model Setup 'clk'
Slack : 0.298
TNS   : 0.000

Type  : Fast 1100mV 85C Model Hold 'clk'
Slack : 0.130
TNS   : 0.000

Type  : Fast 1100mV 85C Model Minimum Pulse Width 'clk'
Slack : -0.077
TNS   : -0.602

Type  : Fast 1100mV 0C Model Setup 'clk'
Slack : 0.346
TNS   : 0.000

Type  : Fast 1100mV 0C Model Hold 'clk'
Slack : 0.118
TNS   : 0.000

Type  : Fast 1100mV 0C Model Minimum Pulse Width 'clk'
Slack : -0.078
TNS   : -0.614

------------------------------------------------------------
